No intersection
No intersection
No intersection
No intersection
No intersection
No intersection
No intersection
No intersection
No intersection
No intersection
No intersection
No intersection
No intersection
No intersection
No intersection
Intersected at '1'
Intersected at '1'
Intersected at '3'
Intersected at '2'
Intersected at '3'
Intersected at '2'
Intersected at '10'
Intersected at '11'
Intersected at '8'
Intersected at '9'
Intersected at '30'
Intersected at '31'
Intersected at '40'
Intersected at '37'
Intersected at '6'
Intersected at '9'
Intersected at '50'
Intersected at '33'
Intersected at '41'
Intersected at '60'
Intersected at '51'
Intersected at '60'
Intersected at '10000'
Intersected at '20000'
Intersected at '20001'
No intersection
No intersection
