no cycle
tail connects to node index 0
no cycle
tail connects to node index 0
no cycle
tail connects to node index 1
tail connects to node index 6
tail connects to node index 9
tail connects to node index 24
no cycle
tail connects to node index 13
tail connects to node index 2
tail connects to node index 282
no cycle
tail connects to node index 8028
tail connects to node index 5902
